
> archipelago-json@1.0.0 test
> node scripts/test/run-tests.js

[WebServer] 127.0.0.1 - - [19/Nov/2025 17:00:51] "GET / HTTP/1.1" 200 -

Running 1 test using 1 worker

PW DEBUG: Navigating to application with parameters:
  - mode: test-spoilers
  - game: factorio
  - seed: 1
PW DEBUG: URL: http://localhost:8000/frontend/?mode=test-spoilers&game=factorio&seed=1
[WebServer] 127.0.0.1 - - [19/Nov/2025 17:00:53] "GET /frontend/?mode=test-spoilers&game=factorio&seed=1 HTTP/1.1" 200 -
[WebServer] 127.0.0.1 - - [19/Nov/2025 17:00:53] "GET /frontend/styles/index.css HTTP/1.1" 200 -
[WebServer] 127.0.0.1 - - [19/Nov/2025 17:00:53] "GET /frontend/styles/mobile.css HTTP/1.1" 200 -
[WebServer] 127.0.0.1 - - [19/Nov/2025 17:00:53] "GET /frontend/styles/loading-screen.css HTTP/1.1" 200 -
[WebServer] 127.0.0.1 - - [19/Nov/2025 17:00:53] "GET /frontend/libs/golden-layout/css/themes/goldenlayout-dark-theme.css HTTP/1.1" 200 -
[WebServer] 127.0.0.1 - - [19/Nov/2025 17:00:53] "GET /frontend/libs/golden-layout/css/goldenlayout-base.css HTTP/1.1" 200 -
[WebServer] 127.0.0.1 - - [19/Nov/2025 17:00:53] "GET /frontend/libs/vanilla-jsoneditor/themes/jse-theme-dark.css HTTP/1.1" 200 -
[WebServer] 127.0.0.1 - - [19/Nov/2025 17:00:53] "GET /frontend/libs/json-editor/jsoneditor.js HTTP/1.1" 200 -
[WebServer] 127.0.0.1 - - [19/Nov/2025 17:00:53] "GET /frontend/init.js HTTP/1.1" 200 -
[WebServer] 127.0.0.1 - - [19/Nov/2025 17:00:53] "GET /frontend/app/core/loggerService.js HTTP/1.1" 200 -
[WebServer] 127.0.0.1 - - [19/Nov/2025 17:00:53] "GET /frontend/app/core/panelManager.js HTTP/1.1" 200 -
[WebServer] 127.0.0.1 - - [19/Nov/2025 17:00:53] "GET /frontend/app/core/eventDispatcher.js HTTP/1.1" 200 -
[WebServer] 127.0.0.1 - - [19/Nov/2025 17:00:53] "GET /frontend/app/core/centralRegistry.js HTTP/1.1" 200 -
[WebServer] 127.0.0.1 - - [19/Nov/2025 17:00:53] "GET /frontend/app/core/settingsManager.js HTTP/1.1" 200 -
[WebServer] 127.0.0.1 - - [19/Nov/2025 17:00:53] "GET /frontend/app/core/eventBus.js HTTP/1.1" 200 -
[WebServer] 127.0.0.1 - - [19/Nov/2025 17:00:53] "GET /frontend/libs/golden-layout/js/esm/golden-layout.js HTTP/1.1" 200 -
[WebServer] 127.0.0.1 - - [19/Nov/2025 17:00:53] "GET /frontend/app/core/mobileLayoutManager.js HTTP/1.1" 200 -
[WebServer] 127.0.0.1 - - [19/Nov/2025 17:00:53] "GET /frontend/app/initialization/index.js HTTP/1.1" 200 -
[WebServer] 127.0.0.1 - - [19/Nov/2025 17:00:53] "GET /frontend/app/initialization/fileLoadingUI.js HTTP/1.1" 200 -
[WebServer] 127.0.0.1 - - [19/Nov/2025 17:00:53] "GET /frontend/app/mode/modeConfigResolver.js HTTP/1.1" 200 -
[WebServer] 127.0.0.1 - - [19/Nov/2025 17:00:53] "GET /frontend/app/mode/modeManager.js HTTP/1.1" 200 -
[WebServer] 127.0.0.1 - - [19/Nov/2025 17:00:53] "GET /frontend/app/mode/modeDataLoader.js HTTP/1.1" 200 -
[WebServer] 127.0.0.1 - - [19/Nov/2025 17:00:53] "GET /frontend/app/initialization/moduleLoader.js HTTP/1.1" 200 -
[WebServer] 127.0.0.1 - - [19/Nov/2025 17:00:53] "GET /frontend/app/initialization/moduleInitializer.js HTTP/1.1" 200 -
[WebServer] 127.0.0.1 - - [19/Nov/2025 17:00:53] "GET /frontend/app/initialization/layoutManager.js HTTP/1.1" 200 -
[WebServer] 127.0.0.1 - - [19/Nov/2025 17:00:53] "GET /frontend/app/initialization/apiFactory.js HTTP/1.1" 200 -
[WebServer] 127.0.0.1 - - [19/Nov/2025 17:00:53] "GET /frontend/app/layout/layoutLoader.js HTTP/1.1" 200 -
[WebServer] 127.0.0.1 - - [19/Nov/2025 17:00:53] "GET /frontend/app/layout/layoutFilter.js HTTP/1.1" 200 -
[WebServer] 127.0.0.1 - - [19/Nov/2025 17:00:53] "GET /frontend/utils/settingsMerger.js HTTP/1.1" 200 -
[WebServer] 127.0.0.1 - - [19/Nov/2025 17:00:53] "GET /frontend/app/layout/desktopLayout.js HTTP/1.1" 200 -
[WebServer] 127.0.0.1 - - [19/Nov/2025 17:00:53] "GET /frontend/app/core/moduleMetadata.js HTTP/1.1" 200 -
[WebServer] 127.0.0.1 - - [19/Nov/2025 17:00:53] "GET /frontend/modes.json HTTP/1.1" 200 -
BROWSER LOG (info): [Init - INFO] [Init] loadCombinedModeData started
[WebServer] 127.0.0.1 - - [19/Nov/2025 17:00:53] "GET /frontend/presets/preset_files.json HTTP/1.1" 200 -
[WebServer] 127.0.0.1 - - [19/Nov/2025 17:00:53] "GET /frontend/modules-test-spoilers.json HTTP/1.1" 200 -
[WebServer] 127.0.0.1 - - [19/Nov/2025 17:00:53] "GET /frontend/playwright_tests_config-spoilers.json HTTP/1.1" 200 -
[WebServer] 127.0.0.1 - - [19/Nov/2025 17:00:53] "GET /frontend/presets/factorio/AP_14089154938208861744/AP_14089154938208861744_rules.json HTTP/1.1" 200 -
[WebServer] 127.0.0.1 - - [19/Nov/2025 17:00:53] "GET /frontend/layout_presets.json HTTP/1.1" 200 -
[WebServer] 127.0.0.1 - - [19/Nov/2025 17:00:53] "GET /frontend/settings.json HTTP/1.1" 200 -
BROWSER LOG (info): [Init - INFO] [Init] Created stateManager module_config with sourceName: ./presets/factorio/AP_14089154938208861744/AP_14089154938208861744_rules.json (source: urlOverride)
BROWSER LOG (info): [17:00:53.803] [INFO] [INIT_STEP] Module import and registration phase started
[WebServer] 127.0.0.1 - - [19/Nov/2025 17:00:53] "GET /frontend/modules/stateManager/index.js HTTP/1.1" 200 -
[WebServer] 127.0.0.1 - - [19/Nov/2025 17:00:53] "GET /frontend/modules/stateManager/stateManagerProxySingleton.js HTTP/1.1" 200 -
[WebServer] 127.0.0.1 - - [19/Nov/2025 17:00:53] "GET /frontend/modules/stateManager/stateManagerProxy.js HTTP/1.1" 200 -
[WebServer] 127.0.0.1 - - [19/Nov/2025 17:00:53] "GET /frontend/modules/shared/ruleEngine.js HTTP/1.1" 200 -
[WebServer] 127.0.0.1 - - [19/Nov/2025 17:00:53] "GET /frontend/modules/stateManager/stateManagerCommands.js HTTP/1.1" 200 -
[WebServer] 127.0.0.1 - - [19/Nov/2025 17:00:53] "GET /frontend/modules/shared/gameLogic/alttp/alttpLogic.js HTTP/1.1" 200 -
[WebServer] 127.0.0.1 - - [19/Nov/2025 17:00:53] "GET /frontend/modules/shared/gameLogic/generic/genericLogic.js HTTP/1.1" 200 -
[WebServer] 127.0.0.1 - - [19/Nov/2025 17:00:53] "GET /frontend/modules/stateManager/stateManagerWorker.js HTTP/1.1" 200 -
[WebServer] 127.0.0.1 - - [19/Nov/2025 17:00:53] "GET /frontend/modules/sphereState/index.js HTTP/1.1" 200 -
[WebServer] 127.0.0.1 - - [19/Nov/2025 17:00:53] "GET /frontend/modules/sphereState/singleton.js HTTP/1.1" 200 -
[WebServer] 127.0.0.1 - - [19/Nov/2025 17:00:53] "GET /frontend/modules/sphereState/sphereState.js HTTP/1.1" 200 -
[WebServer] 127.0.0.1 - - [19/Nov/2025 17:00:53] "GET /frontend/modules/stateManager/stateManager.js HTTP/1.1" 200 -
[WebServer] 127.0.0.1 - - [19/Nov/2025 17:00:53] "GET /frontend/app/core/universalLogger.js HTTP/1.1" 200 -
[WebServer] 127.0.0.1 - - [19/Nov/2025 17:00:53] "GET /frontend/modules/stateManager/core/commandQueue.js HTTP/1.1" 200 -
[WebServer] 127.0.0.1 - - [19/Nov/2025 17:00:53] "GET /frontend/modules/testSpoilers/index.js HTTP/1.1" 200 -
[WebServer] 127.0.0.1 - - [19/Nov/2025 17:00:53] "GET /frontend/modules/testSpoilers/testSpoilerUI.js HTTP/1.1" 200 -
[WebServer] 127.0.0.1 - - [19/Nov/2025 17:00:53] "GET /frontend/modules/shared/gameLogic/gameLogicRegistry.js HTTP/1.1" 200 -
[WebServer] 127.0.0.1 - - [19/Nov/2025 17:00:53] "GET /frontend/modules/shared/stateInterface.js HTTP/1.1" 200 -
[WebServer] 127.0.0.1 - - [19/Nov/2025 17:00:53] "GET /frontend/modules/stateManager/core/initialization.js HTTP/1.1" 200 -
[WebServer] 127.0.0.1 - - [19/Nov/2025 17:00:53] "GET /frontend/modules/stateManager/core/inventoryManager.js HTTP/1.1" 200 -
[WebServer] 127.0.0.1 - - [19/Nov/2025 17:00:53] "GET /frontend/modules/stateManager/core/reachabilityEngine.js HTTP/1.1" 200 -
[WebServer] 127.0.0.1 - - [19/Nov/2025 17:00:53] "GET /frontend/modules/stateManager/core/statePersistence.js HTTP/1.1" 200 -
[WebServer] 127.0.0.1 - - [19/Nov/2025 17:00:53] "GET /frontend/modules/stateManager/core/locationChecking.js HTTP/1.1" 200 -
[WebServer] 127.0.0.1 - - [19/Nov/2025 17:00:53] "GET /frontend/modules/stateManager/core/ruleEvaluator.js HTTP/1.1" 200 -
[WebServer] 127.0.0.1 - - [19/Nov/2025 17:00:53] "GET /frontend/modules/stateManager/core/batchUpdateManager.js HTTP/1.1" 200 -
[WebServer] 127.0.0.1 - - [19/Nov/2025 17:00:53] "GET /frontend/modules/commonUI/index.js HTTP/1.1" 200 -
[WebServer] 127.0.0.1 - - [19/Nov/2025 17:00:53] "GET /frontend/modules/testSpoilers/testSpoilerRuleEvaluator.js HTTP/1.1" 200 -
[WebServer] 127.0.0.1 - - [19/Nov/2025 17:00:53] "GET /frontend/modules/testSpoilers/fileLoader.js HTTP/1.1" 200 -
[WebServer] 127.0.0.1 - - [19/Nov/2025 17:00:53] "GET /frontend/modules/testSpoilers/comparisonEngine.js HTTP/1.1" 200 -
[WebServer] 127.0.0.1 - - [19/Nov/2025 17:00:53] "GET /frontend/modules/testSpoilers/analysisReporter.js HTTP/1.1" 200 -
[WebServer] 127.0.0.1 - - [19/Nov/2025 17:00:53] "GET /frontend/modules/testSpoilers/eventProcessor.js HTTP/1.1" 200 -
[WebServer] 127.0.0.1 - - [19/Nov/2025 17:00:53] "GET /frontend/modules/testSpoilers/testOrchestrator.js HTTP/1.1" 200 -
[WebServer] 127.0.0.1 - - [19/Nov/2025 17:00:53] "GET /frontend/modules/shared/gameLogic/ahit/ahitLogic.js HTTP/1.1" 200 -
[WebServer] 127.0.0.1 - - [19/Nov/2025 17:00:53] "GET /frontend/modules/shared/gameLogic/aquaria/aquariaLogic.js HTTP/1.1" 200 -
[WebServer] 127.0.0.1 - - [19/Nov/2025 17:00:53] "GET /frontend/modules/shared/gameLogic/archipidle/archipidleLogic.js HTTP/1.1" 200 -
[WebServer] 127.0.0.1 - - [19/Nov/2025 17:00:54] "GET /frontend/modules/shared/gameLogic/blasphemous/blasphemousLogic.js HTTP/1.1" 200 -
[WebServer] 127.0.0.1 - - [19/Nov/2025 17:00:54] "GET /frontend/modules/shared/gameLogic/bomb_rush_cyberfunk/bombRushCyberfunkLogic.js HTTP/1.1" 200 -
[WebServer] 127.0.0.1 - - [19/Nov/2025 17:00:54] "GET /frontend/modules/shared/gameLogic/celeste64/celeste64Logic.js HTTP/1.1" 200 -
[WebServer] 127.0.0.1 - - [19/Nov/2025 17:00:54] "GET /frontend/modules/shared/gameLogic/cvcotm/cvcotmLogic.js HTTP/1.1" 200 -
[WebServer] 127.0.0.1 - - [19/Nov/2025 17:00:54] "GET /frontend/modules/shared/gameLogic/civ_6/civ6Logic.js HTTP/1.1" 200 -
[WebServer] 127.0.0.1 - - [19/Nov/2025 17:00:54] "GET /frontend/modules/shared/gameLogic/dlcquest/dlcquestLogic.js HTTP/1.1" 200 -
[WebServer] 127.0.0.1 - - [19/Nov/2025 17:00:54] "GET /frontend/modules/shared/gameLogic/factorio/factorioLogic.js HTTP/1.1" 200 -
[WebServer] 127.0.0.1 - - [19/Nov/2025 17:00:54] "GET /frontend/modules/shared/gameLogic/hk/hkLogic.js HTTP/1.1" 200 -
[WebServer] 127.0.0.1 - - [19/Nov/2025 17:00:54] "GET /frontend/modules/shared/gameLogic/hylics2/hylics2Logic.js HTTP/1.1" 200 -
[WebServer] 127.0.0.1 - - [19/Nov/2025 17:00:54] "GET /frontend/modules/shared/gameLogic/inscryption/inscryptionLogic.js HTTP/1.1" 200 -
[WebServer] 127.0.0.1 - - [19/Nov/2025 17:00:54] "GET /frontend/modules/shared/gameLogic/jakanddaxter/jakanddaxterLogic.js HTTP/1.1" 200 -
[WebServer] 127.0.0.1 - - [19/Nov/2025 17:00:54] "GET /frontend/modules/shared/gameLogic/kh1/kh1Logic.js HTTP/1.1" 200 -
[WebServer] 127.0.0.1 - - [19/Nov/2025 17:00:54] "GET /frontend/modules/shared/gameLogic/kh2/kh2Logic.js HTTP/1.1" 200 -
[WebServer] 127.0.0.1 - - [19/Nov/2025 17:00:54] "GET /frontend/modules/shared/gameLogic/kdl3/kdl3Logic.js HTTP/1.1" 200 -
[WebServer] 127.0.0.1 - - [19/Nov/2025 17:00:54] "GET /frontend/modules/shared/gameLogic/ladx/ladxLogic.js HTTP/1.1" 200 -
[WebServer] 127.0.0.1 - - [19/Nov/2025 17:00:54] "GET /frontend/modules/shared/gameLogic/landstalker/landstalkerLogic.js HTTP/1.1" 200 -
[WebServer] 127.0.0.1 - - [19/Nov/2025 17:00:54] "GET /frontend/modules/shared/gameLogic/lingo/lingoLogic.js HTTP/1.1" 200 -
[WebServer] 127.0.0.1 - - [19/Nov/2025 17:00:54] "GET /frontend/modules/shared/gameLogic/mlss/mlssLogic.js HTTP/1.1" 200 -
[WebServer] 127.0.0.1 - - [19/Nov/2025 17:00:54] "GET /frontend/modules/shared/gameLogic/marioland2/marioland2Logic.js HTTP/1.1" 200 -
[WebServer] 127.0.0.1 - - [19/Nov/2025 17:00:54] "GET /frontend/modules/shared/gameLogic/messenger/messengerLogic.js HTTP/1.1" 200 -
[WebServer] 127.0.0.1 - - [19/Nov/2025 17:00:54] "GET /frontend/modules/shared/gameLogic/mmbn3/mmbn3Logic.js HTTP/1.1" 200 -
[WebServer] 127.0.0.1 - - [19/Nov/2025 17:00:54] "GET /frontend/modules/shared/gameLogic/pokemon_rb/pokemon_rbLogic.js HTTP/1.1" 200 -
[WebServer] 127.0.0.1 - - [19/Nov/2025 17:00:54] "GET /frontend/modules/shared/gameLogic/pokemon_emerald/pokemon_emeraldLogic.js HTTP/1.1" 200 -
[WebServer] 127.0.0.1 - - [19/Nov/2025 17:00:54] "GET /frontend/modules/shared/gameLogic/mm2/mm2Logic.js HTTP/1.1" 200 -
[WebServer] 127.0.0.1 - - [19/Nov/2025 17:00:54] "GET /frontend/modules/shared/gameLogic/ocarina_of_time/ootLogic.js HTTP/1.1" 200 -
[WebServer] 127.0.0.1 - - [19/Nov/2025 17:00:54] "GET /frontend/modules/shared/gameLogic/raft/raftLogic.js HTTP/1.1" 200 -
[WebServer] 127.0.0.1 - - [19/Nov/2025 17:00:54] "GET /frontend/modules/shared/gameLogic/sm64ex/sm64exLogic.js HTTP/1.1" 200 -
[WebServer] 127.0.0.1 - - [19/Nov/2025 17:00:54] "GET /frontend/modules/shared/gameLogic/v6/v6Logic.js HTTP/1.1" 200 -
[WebServer] 127.0.0.1 - - [19/Nov/2025 17:00:54] "GET /frontend/modules/shared/gameLogic/yachtdice/yachtdiceLogic.js HTTP/1.1" 200 -
[WebServer] 127.0.0.1 - - [19/Nov/2025 17:00:54] "GET /frontend/modules/shared/gameLogic/cv64/cv64Logic.js HTTP/1.1" 200 -
[WebServer] 127.0.0.1 - - [19/Nov/2025 17:00:54] "GET /frontend/modules/shared/gameLogic/dark_souls_3/darkSouls3Logic.js HTTP/1.1" 200 -
[WebServer] 127.0.0.1 - - [19/Nov/2025 17:00:54] "GET /frontend/modules/shared/gameLogic/paint/paintLogic.js HTTP/1.1" 200 -
[WebServer] 127.0.0.1 - - [19/Nov/2025 17:00:54] "GET /frontend/modules/shared/gameLogic/overcooked2/overcooked2Logic.js HTTP/1.1" 200 -
[WebServer] 127.0.0.1 - - [19/Nov/2025 17:00:54] "GET /frontend/modules/shared/gameLogic/soe/soeLogic.js HTTP/1.1" 200 -
[WebServer] 127.0.0.1 - - [19/Nov/2025 17:00:54] "GET /frontend/modules/shared/gameLogic/shapez/shapezLogic.js HTTP/1.1" 200 -
[WebServer] 127.0.0.1 - - [19/Nov/2025 17:00:54] "GET /frontend/modules/shared/gameLogic/shivers/shiversLogic.js HTTP/1.1" 200 -
[WebServer] 127.0.0.1 - - [19/Nov/2025 17:00:54] "GET /frontend/modules/shared/gameLogic/smz3/smz3Logic.js HTTP/1.1" 200 -
[WebServer] 127.0.0.1 - - [19/Nov/2025 17:00:54] "GET /frontend/modules/shared/gameLogic/sc2/sc2Logic.js HTTP/1.1" 200 -
[WebServer] 127.0.0.1 - - [19/Nov/2025 17:00:54] "GET /frontend/modules/shared/gameLogic/subnautica/subnauticaLogic.js HTTP/1.1" 200 -
[WebServer] 127.0.0.1 - - [19/Nov/2025 17:00:54] "GET /frontend/modules/shared/gameLogic/sm/smLogic.js HTTP/1.1" 200 -
[WebServer] 127.0.0.1 - - [19/Nov/2025 17:00:54] "GET /frontend/modules/shared/gameLogic/terraria/terrariaLogic.js HTTP/1.1" 200 -
[WebServer] 127.0.0.1 - - [19/Nov/2025 17:00:54] "GET /frontend/modules/shared/gameLogic/stardew_valley/stardewValleyLogic.js HTTP/1.1" 200 -
[WebServer] 127.0.0.1 - - [19/Nov/2025 17:00:54] "GET /frontend/modules/shared/gameLogic/timespinner/timespinnerLogic.js HTTP/1.1" 200 -
[WebServer] 127.0.0.1 - - [19/Nov/2025 17:00:54] "GET /frontend/modules/shared/gameLogic/tww/twwLogic.js HTTP/1.1" 200 -
[WebServer] 127.0.0.1 - - [19/Nov/2025 17:00:54] "GET /frontend/modules/shared/gameLogic/wargroove/wargrooveLogic.js HTTP/1.1" 200 -
[WebServer] 127.0.0.1 - - [19/Nov/2025 17:00:54] "GET /frontend/modules/shared/gameLogic/yoshisisland/yoshisislandLogic.js HTTP/1.1" 200 -
[WebServer] 127.0.0.1 - - [19/Nov/2025 17:00:54] "GET /frontend/modules/shared/gameLogic/yugioh06/yugioh06Logic.js HTTP/1.1" 200 -
[WebServer] 127.0.0.1 - - [19/Nov/2025 17:00:54] "GET /frontend/modules/shared/gameLogic/osrs/osrsLogic.js HTTP/1.1" 200 -
[WebServer] 127.0.0.1 - - [19/Nov/2025 17:00:54] "GET /frontend/modules/shared/gameLogic/tloz/tlozLogic.js HTTP/1.1" 200 -
[WebServer] 127.0.0.1 - - [19/Nov/2025 17:00:54] "GET /frontend/modules/shared/gameLogic/witness/witnessLogic.js HTTP/1.1" 200 -
[WebServer] 127.0.0.1 - - [19/Nov/2025 17:00:54] "GET /frontend/modules/commonUI/commonUI.js HTTP/1.1" 200 -
[WebServer] 127.0.0.1 - - [19/Nov/2025 17:00:54] "GET /frontend/modules/shared/gameLogic/jakanddaxter/helpers.js HTTP/1.1" 200 -
[WebServer] 127.0.0.1 - - [19/Nov/2025 17:00:54] "GET /frontend/modules/shared/gameLogic/ladx/helpers.js HTTP/1.1" 200 -
[WebServer] 127.0.0.1 - - [19/Nov/2025 17:00:54] "GET /frontend/modules/shared/gameLogic/marioland2/helpers.js HTTP/1.1" 200 -
[WebServer] 127.0.0.1 - - [19/Nov/2025 17:00:54] "GET /frontend/modules/shared/gameLogic/mmbn3/helpers.js HTTP/1.1" 200 -
[WebServer] 127.0.0.1 - - [19/Nov/2025 17:00:54] "GET /frontend/modules/shared/gameLogic/sm64ex/helpers.js HTTP/1.1" 200 -
[WebServer] 127.0.0.1 - - [19/Nov/2025 17:00:54] "GET /frontend/modules/shared/gameLogic/yachtdice/helpers.js HTTP/1.1" 200 -
[WebServer] 127.0.0.1 - - [19/Nov/2025 17:00:54] "GET /frontend/modules/shared/gameLogic/cv64/helpers.js HTTP/1.1" 200 -
[WebServer] 127.0.0.1 - - [19/Nov/2025 17:00:54] "GET /frontend/modules/shared/gameLogic/paint/helpers.js HTTP/1.1" 200 -
[WebServer] 127.0.0.1 - - [19/Nov/2025 17:00:54] "GET /frontend/modules/shared/gameLogic/overcooked2/helpers.js HTTP/1.1" 200 -
[WebServer] 127.0.0.1 - - [19/Nov/2025 17:00:54] "GET /frontend/modules/shared/gameLogic/shapez/helpers.js HTTP/1.1" 200 -
[WebServer] 127.0.0.1 - - [19/Nov/2025 17:00:54] "GET /frontend/modules/shared/gameLogic/shivers/helpers.js HTTP/1.1" 200 -
[WebServer] 127.0.0.1 - - [19/Nov/2025 17:00:54] "GET /frontend/modules/shared/gameLogic/sc2/helpers.js HTTP/1.1" 200 -
[WebServer] 127.0.0.1 - - [19/Nov/2025 17:00:54] "GET /frontend/modules/shared/gameLogic/subnautica/helpers.js HTTP/1.1" 200 -
[WebServer] 127.0.0.1 - - [19/Nov/2025 17:00:54] "GET /frontend/modules/shared/gameLogic/terraria/helpers.js HTTP/1.1" 200 -
[WebServer] 127.0.0.1 - - [19/Nov/2025 17:00:54] "GET /frontend/modules/shared/gameLogic/stardew_valley/helpers.js HTTP/1.1" 200 -
[WebServer] 127.0.0.1 - - [19/Nov/2025 17:00:54] "GET /frontend/modules/shared/gameLogic/tloz/helpers.js HTTP/1.1" 200 -
[WebServer] 127.0.0.1 - - [19/Nov/2025 17:00:54] "GET /frontend/modules/shared/gameLogic/yachtdice/yacht_weights.js HTTP/1.1" 200 -
[WebServer] 127.0.0.1 - - [19/Nov/2025 17:00:54] "GET /frontend/modules/tests/index.js HTTP/1.1" 200 -
BROWSER LOG (log): [universalLogger] Worker logger initialized
[WebServer] 127.0.0.1 - - [19/Nov/2025 17:00:54] "GET /frontend/modules/tests/testUI.js HTTP/1.1" 200 -
[WebServer] 127.0.0.1 - - [19/Nov/2025 17:00:54] "GET /frontend/modules/tests/testLogic.js HTTP/1.1" 200 -
[WebServer] 127.0.0.1 - - [19/Nov/2025 17:00:54] "GET /frontend/modules/tests/testController.js HTTP/1.1" 200 -
[WebServer] 127.0.0.1 - - [19/Nov/2025 17:00:54] "GET /frontend/modules/tests/testState.js HTTP/1.1" 200 -
[WebServer] 127.0.0.1 - - [19/Nov/2025 17:00:54] "GET /frontend/modules/tests/testDiscovery.js HTTP/1.1" 200 -
[WebServer] 127.0.0.1 - - [19/Nov/2025 17:00:54] "GET /frontend/modules/tests/testRegistry.js HTTP/1.1" 200 -
BROWSER LOG (info): [17:00:54.319] [INFO] [INIT_STEP] Module import and registration phase completed
[WebServer] 127.0.0.1 - - [19/Nov/2025 17:00:54] "GET /frontend/modules/tests/testCases/coreTests.js HTTP/1.1" 200 -
BROWSER LOG (info): [17:00:54.321] [INFO] [INIT_STEP] Golden Layout initialization started
[WebServer] 127.0.0.1 - - [19/Nov/2025 17:00:54] "GET /frontend/libs/golden-layout/img/lm_close_white.png HTTP/1.1" 200 -
[WebServer] 127.0.0.1 - - [19/Nov/2025 17:00:54] "GET /frontend/libs/golden-layout/img/lm_maximise_white.png HTTP/1.1" 200 -
BROWSER LOG (info): [17:00:54.339] [INFO] [INIT_STEP] Golden Layout initialization completed
BROWSER LOG (info): [17:00:54.340] [INFO] [INIT_STEP] Module initialization phase started (4 modules)
BROWSER LOG (info): [17:00:54.342] [INFO] [INIT_STEP] Module initialization phase completed (4 modules)
BROWSER LOG (info): [17:00:54.342] [INFO] [INIT_STEP] Module post-initialization phase started (1 modules)
BROWSER LOG (debug): [Init - DEBUG] [Init _postInitializeSingleModule] Original genericModuleSpecificConfig FOR stateManager: {rulesConfig: Object, sourceName: ./presets/factorio/AP_14089154938208861744/AP_14089154938208861744_rules.json}
BROWSER LOG (info): [Init - INFO] [Init _postInitializeSingleModule] Derived sourceName for StateManager: ./presets/factorio/AP_14089154938208861744/AP_14089154938208861744_rules.json (source: urlOverride)
BROWSER LOG (info): [Init - INFO] [Init _postInitializeSingleModule] EXACT configForPostInitialize BEING PASSED to stateManager.postInitialize: {rulesConfig: Object, sourceName: ./presets/factorio/AP_14089154938208861744/AP_14089154938208861744_rules.json}
BROWSER LOG (info): [17:00:54.350] [INFO] [INIT_STEP] Module post-initialization phase completed (1 modules)
BROWSER LOG (debug): [stateManagerProxy] Snapshot cached from rulesLoadedConfirmation.
[WebServer] 127.0.0.1 - - [19/Nov/2025 17:00:54] "GET /frontend/presets/factorio/AP_14089154938208861744/AP_14089154938208861744_spheres_log.jsonl HTTP/1.1" 200 -
[WebServer] 127.0.0.1 - - [19/Nov/2025 17:00:54] "GET /frontend/modules/tests/testCases/locationPanelTests.js HTTP/1.1" 200 -
[WebServer] 127.0.0.1 - - [19/Nov/2025 17:00:54] "GET /frontend/modules/tests/testCases/exitPanelTests.js HTTP/1.1" 200 -
[WebServer] 127.0.0.1 - - [19/Nov/2025 17:00:54] "GET /frontend/modules/tests/testCases/regionPanelTests.js HTTP/1.1" 200 -
[WebServer] 127.0.0.1 - - [19/Nov/2025 17:00:54] "GET /frontend/modules/tests/testCases/regionGraphPanelTests.js HTTP/1.1" 200 -
[WebServer] 127.0.0.1 - - [19/Nov/2025 17:00:54] "GET /frontend/modules/tests/testCases/loopsPanelTests.js HTTP/1.1" 200 -
[WebServer] 127.0.0.1 - - [19/Nov/2025 17:00:54] "GET /frontend/modules/tests/testCases/eventsPanelTests.js HTTP/1.1" 200 -
[WebServer] 127.0.0.1 - - [19/Nov/2025 17:00:54] "GET /frontend/modules/tests/testCases/pathAnalyzerTests.js HTTP/1.1" 200 -
[WebServer] 127.0.0.1 - - [19/Nov/2025 17:00:54] "GET /frontend/modules/tests/testCases/settingsPanelTests.js HTTP/1.1" 200 -
[WebServer] 127.0.0.1 - - [19/Nov/2025 17:00:54] "GET /frontend/modules/tests/testCases/JSONPanelTests.js HTTP/1.1" 200 -
[WebServer] 127.0.0.1 - - [19/Nov/2025 17:00:54] "GET /frontend/modules/tests/testCases/progressBarTests.js HTTP/1.1" 200 -
[WebServer] 127.0.0.1 - - [19/Nov/2025 17:00:54] "GET /frontend/modules/tests/testCases/metaGamePanelTests.js HTTP/1.1" 200 -
[WebServer] 127.0.0.1 - - [19/Nov/2025 17:00:54] "GET /frontend/modules/tests/testCases/textAdventurePanelTests.js HTTP/1.1" 200 -
[WebServer] 127.0.0.1 - - [19/Nov/2025 17:00:54] "GET /frontend/modules/tests/testCases/textAdventure-iframeTests.js HTTP/1.1" 200 -
[WebServer] 127.0.0.1 - - [19/Nov/2025 17:00:54] "GET /frontend/modules/tests/testCases/textAdventure-windowTests.js HTTP/1.1" 200 -
[WebServer] 127.0.0.1 - - [19/Nov/2025 17:00:54] "GET /frontend/modules/tests/testCases/iframe-baseTests.js HTTP/1.1" 200 -
[WebServer] 127.0.0.1 - - [19/Nov/2025 17:00:54] "GET /frontend/modules/tests/testCases/window-baseTests.js HTTP/1.1" 200 -
[WebServer] 127.0.0.1 - - [19/Nov/2025 17:00:54] "GET /frontend/modules/tests/testCases/timerTests.js HTTP/1.1" 200 -
[WebServer] 127.0.0.1 - - [19/Nov/2025 17:00:54] "GET /frontend/modules/tests/testCases/multiplayerTests.js HTTP/1.1" 200 -
[WebServer] 127.0.0.1 - - [19/Nov/2025 17:00:54] "GET /frontend/modules/tests/testCases/testSpoilersPanelTests.js HTTP/1.1" 200 -
PW DEBUG: Page navigation complete (network idle).
PW DEBUG: Starting to wait for __playwrightTestsComplete__ flag on window...
BROWSER LOG (error): [17:00:56.342] [ERROR] [testSpoilerUI] STATE MISMATCH found for: {"type":"state_update","sphere_number":"2.1","player_id":"1"}
BROWSER LOG (error): [17:00:56.343] [ERROR] [testSpoilerUI:ComparisonEngine] STATE MISMATCH found for: {"type":"state_update","sphere_number":"2.1","player_id":"1"}
BROWSER LOG (error): [17:00:56.345] [ERROR] [testSpoilerUI]  > Locations accessible in LOG but NOT in STATE (or checked): AP-2-072, AP-2-179, AP-2-255, AP-2-269, AP-2-270, AP-2-272, AP-2-328, AP-2-338, AP-2-413, AP-2-416, AP-2-469, AP-2-473, AP-2-491, AP-2-502, AP-2-507, AP-2-514, AP-2-524, AP-2-569, AP-2-585, AP-2-634, AP-2-644, AP-2-650, AP-2-652, AP-2-654, AP-2-683, AP-2-688, AP-2-763, AP-2-784, AP-2-794, AP-2-861, AP-2-889, AP-2-898, AP-2-901, AP-2-996
BROWSER LOG (error): [17:00:56.345] [ERROR] [testSpoilerUI:ComparisonEngine]  > Locations accessible in LOG but NOT in STATE (or checked): AP-2-072, AP-2-179, AP-2-255, AP-2-269, AP-2-270, AP-2-272, AP-2-328, AP-2-338, AP-2-413, AP-2-416, AP-2-469, AP-2-473, AP-2-491, AP-2-502, AP-2-507, AP-2-514, AP-2-524, AP-2-569, AP-2-585, AP-2-634, AP-2-644, AP-2-650, AP-2-652, AP-2-654, AP-2-683, AP-2-688, AP-2-763, AP-2-784, AP-2-794, AP-2-861, AP-2-889, AP-2-898, AP-2-901, AP-2-996
BROWSER LOG (error): [MISMATCH DETAIL] Missing from state (34): [AP-2-072, AP-2-179, AP-2-255, AP-2-269, AP-2-270, AP-2-272, AP-2-328, AP-2-338, AP-2-413, AP-2-416, AP-2-469, AP-2-473, AP-2-491, AP-2-502, AP-2-507, AP-2-514, AP-2-524, AP-2-569, AP-2-585, AP-2-634, AP-2-644, AP-2-650, AP-2-652, AP-2-654, AP-2-683, AP-2-688, AP-2-763, AP-2-784, AP-2-794, AP-2-861, AP-2-889, AP-2-898, AP-2-901, AP-2-996]
BROWSER LOG (error): [17:00:56.358] [ERROR] [testSpoilerUI]     ISSUE: Access rule evaluation failed
BROWSER LOG (error): [17:00:56.366] [ERROR] [testSpoilerUI]     ISSUE: Access rule evaluation failed
BROWSER LOG (error): [17:00:56.375] [ERROR] [testSpoilerUI]     ISSUE: Access rule evaluation failed
BROWSER LOG (error): [17:00:56.387] [ERROR] [testSpoilerUI]     ISSUE: Access rule evaluation failed
BROWSER LOG (error): [17:00:56.399] [ERROR] [testSpoilerUI]     ISSUE: Access rule evaluation failed
BROWSER LOG (error): [17:00:56.413] [ERROR] [testSpoilerUI]     ISSUE: Access rule evaluation failed
BROWSER LOG (error): [17:00:56.423] [ERROR] [testSpoilerUI]     ISSUE: Access rule evaluation failed
BROWSER LOG (error): [17:00:56.435] [ERROR] [testSpoilerUI]     ISSUE: Access rule evaluation failed
BROWSER LOG (error): [17:00:56.455] [ERROR] [testSpoilerUI]     ISSUE: Access rule evaluation failed
BROWSER LOG (error): [17:00:56.476] [ERROR] [testSpoilerUI]     ISSUE: Access rule evaluation failed
BROWSER LOG (error): [17:00:56.500] [ERROR] [testSpoilerUI]     ISSUE: Access rule evaluation failed
BROWSER LOG (error): [17:00:56.524] [ERROR] [testSpoilerUI]     ISSUE: Access rule evaluation failed
BROWSER LOG (error): [17:00:56.542] [ERROR] [testSpoilerUI]     ISSUE: Access rule evaluation failed
BROWSER LOG (error): [17:00:56.565] [ERROR] [testSpoilerUI]     ISSUE: Access rule evaluation failed
BROWSER LOG (error): [17:00:56.588] [ERROR] [testSpoilerUI]     ISSUE: Access rule evaluation failed
BROWSER LOG (error): [17:00:56.621] [ERROR] [testSpoilerUI]     ISSUE: Access rule evaluation failed
BROWSER LOG (error): [17:00:56.651] [ERROR] [testSpoilerUI]     ISSUE: Access rule evaluation failed
BROWSER LOG (error): [17:00:56.686] [ERROR] [testSpoilerUI]     ISSUE: Access rule evaluation failed
BROWSER LOG (error): [17:00:56.704] [ERROR] [testSpoilerUI]     ISSUE: Access rule evaluation failed
BROWSER LOG (error): [17:00:56.714] [ERROR] [testSpoilerUI]     ISSUE: Access rule evaluation failed
BROWSER LOG (error): [17:00:56.729] [ERROR] [testSpoilerUI]     ISSUE: Access rule evaluation failed
BROWSER LOG (error): [17:00:56.751] [ERROR] [testSpoilerUI]     ISSUE: Access rule evaluation failed
BROWSER LOG (error): [17:00:56.767] [ERROR] [testSpoilerUI]     ISSUE: Access rule evaluation failed
BROWSER LOG (error): [17:00:56.784] [ERROR] [testSpoilerUI]     ISSUE: Access rule evaluation failed
BROWSER LOG (error): [17:00:56.807] [ERROR] [testSpoilerUI]     ISSUE: Access rule evaluation failed
BROWSER LOG (error): [17:00:56.837] [ERROR] [testSpoilerUI]     ISSUE: Access rule evaluation failed
BROWSER LOG (error): [17:00:56.874] [ERROR] [testSpoilerUI]     ISSUE: Access rule evaluation failed
BROWSER LOG (error): [17:00:56.917] [ERROR] [testSpoilerUI]     ISSUE: Access rule evaluation failed
BROWSER LOG (error): [17:00:56.956] [ERROR] [testSpoilerUI]     ISSUE: Access rule evaluation failed
BROWSER LOG (error): [17:00:57.020] [ERROR] [testSpoilerUI]     ISSUE: Access rule evaluation failed
BROWSER LOG (error): [17:00:57.048] [ERROR] [testSpoilerUI]     ISSUE: Access rule evaluation failed
BROWSER LOG (error): [17:00:57.090] [ERROR] [testSpoilerUI]     ISSUE: Access rule evaluation failed
BROWSER LOG (error): [17:00:57.107] [ERROR] [testSpoilerUI]     ISSUE: Access rule evaluation failed
BROWSER LOG (error): [17:00:57.119] [ERROR] [testSpoilerUI]     ISSUE: Access rule evaluation failed
BROWSER LOG (error): [17:00:57.121] [ERROR] [testSpoilerUI] Test failed at step 16: Comparison failed for event type 'state_update'.
BROWSER LOG (error): [17:00:57.123] [ERROR] [testSpoilerUI] Mismatch for event 16 (Sphere 2.1): Comparison for state_update at step 16 Failed
BROWSER LOG (warning): [17:00:57.125] [WARN] [testSpoilerUI] Test run halted due to "Stop on first error" being enabled.
BROWSER LOG (error): [17:00:57.126] [ERROR] [testSpoilerUI] Spoiler test completed with 1 mismatch(es). See logs above for details.
BROWSER LOG (error): [17:00:57.201] [ERROR] [TestRunner/test_spoiler_full_run] [spoilers-full-run-1763571654586] Spoiler test failed. Mismatches found in log:
BROWSER LOG (error): [17:00:57.202] [ERROR] [TestRunner/test_spoiler_full_run]   - Mismatch for event 16 (Sphere 2.1): Comparison for state_update at step 16 Failed
BROWSER LOG (error): [17:00:57.202] [ERROR] [TestRunner/test_spoiler_full_run]   - [5:00:56 PM] STATE MISMATCH found for: {"type":"state_update","sphere_number":"2.1","player_id":"1"}
BROWSER LOG (error): [17:00:57.202] [ERROR] [TestRunner/test_spoiler_full_run]   - [5:00:56 PM] > Locations accessible in LOG but NOT in STATE (or checked): AP-2-072, AP-2-179, AP-2-255, AP-2-269, AP-2-270, AP-2-272, AP-2-328, AP-2-338, AP-2-413, AP-2-416, AP-2-469, AP-2-473, AP-2-491, AP-2-502, AP-2-507, AP-2-514, AP-2-524, AP-2-569, AP-2-585, AP-2-634, AP-2-644, AP-2-650, AP-2-652, AP-2-654, AP-2-683, AP-2-688, AP-2-763, AP-2-784, AP-2-794, AP-2-861, AP-2-889, AP-2-898, AP-2-901, AP-2-996
BROWSER LOG (error): [17:00:57.203] [ERROR] [TestRunner/test_spoiler_full_run]   - [5:00:56 PM]     ISSUE: Access rule evaluation failed
BROWSER LOG (error): [17:00:57.203] [ERROR] [TestRunner/test_spoiler_full_run]   - [5:00:56 PM]     ISSUE: Access rule evaluation failed
BROWSER LOG (error): [17:00:57.203] [ERROR] [TestRunner/test_spoiler_full_run]   - [5:00:56 PM]     ISSUE: Access rule evaluation failed
BROWSER LOG (error): [17:00:57.203] [ERROR] [TestRunner/test_spoiler_full_run]   - [5:00:56 PM]     ISSUE: Access rule evaluation failed
BROWSER LOG (error): [17:00:57.203] [ERROR] [TestRunner/test_spoiler_full_run]   - [5:00:56 PM]     ISSUE: Access rule evaluation failed
BROWSER LOG (error): [17:00:57.203] [ERROR] [TestRunner/test_spoiler_full_run]   - [5:00:56 PM]     ISSUE: Access rule evaluation failed
BROWSER LOG (error): [17:00:57.203] [ERROR] [TestRunner/test_spoiler_full_run]   - [5:00:56 PM]     ISSUE: Access rule evaluation failed
BROWSER LOG (error): [17:00:57.203] [ERROR] [TestRunner/test_spoiler_full_run]   - [5:00:56 PM]     ISSUE: Access rule evaluation failed
BROWSER LOG (error): [17:00:57.204] [ERROR] [TestRunner/test_spoiler_full_run]   - [5:00:56 PM]     ISSUE: Access rule evaluation failed
BROWSER LOG (error): [17:00:57.204] [ERROR] [TestRunner/test_spoiler_full_run]   - [5:00:56 PM]     ISSUE: Access rule evaluation failed
BROWSER LOG (error): [17:00:57.204] [ERROR] [TestRunner/test_spoiler_full_run]   - [5:00:56 PM]     ISSUE: Access rule evaluation failed
BROWSER LOG (error): [17:00:57.204] [ERROR] [TestRunner/test_spoiler_full_run]   - [5:00:56 PM]     ISSUE: Access rule evaluation failed
BROWSER LOG (error): [17:00:57.204] [ERROR] [TestRunner/test_spoiler_full_run]   - [5:00:56 PM]     ISSUE: Access rule evaluation failed
BROWSER LOG (error): [17:00:57.204] [ERROR] [TestRunner/test_spoiler_full_run]   - [5:00:56 PM]     ISSUE: Access rule evaluation failed
BROWSER LOG (error): [17:00:57.204] [ERROR] [TestRunner/test_spoiler_full_run]   - [5:00:56 PM]     ISSUE: Access rule evaluation failed
BROWSER LOG (error): [17:00:57.205] [ERROR] [TestRunner/test_spoiler_full_run]   - [5:00:56 PM]     ISSUE: Access rule evaluation failed
BROWSER LOG (error): [17:00:57.205] [ERROR] [TestRunner/test_spoiler_full_run]   - [5:00:56 PM]     ISSUE: Access rule evaluation failed
BROWSER LOG (error): [17:00:57.205] [ERROR] [TestRunner/test_spoiler_full_run]   - [5:00:56 PM]     ISSUE: Access rule evaluation failed
BROWSER LOG (error): [17:00:57.205] [ERROR] [TestRunner/test_spoiler_full_run]   - [5:00:56 PM]     ISSUE: Access rule evaluation failed
BROWSER LOG (error): [17:00:57.205] [ERROR] [TestRunner/test_spoiler_full_run]   - [5:00:56 PM]     ISSUE: Access rule evaluation failed
BROWSER LOG (error): [17:00:57.206] [ERROR] [TestRunner/test_spoiler_full_run]   - [5:00:56 PM]     ISSUE: Access rule evaluation failed
BROWSER LOG (error): [17:00:57.206] [ERROR] [TestRunner/test_spoiler_full_run]   - [5:00:56 PM]     ISSUE: Access rule evaluation failed
BROWSER LOG (error): [17:00:57.206] [ERROR] [TestRunner/test_spoiler_full_run]   - [5:00:56 PM]     ISSUE: Access rule evaluation failed
BROWSER LOG (error): [17:00:57.206] [ERROR] [TestRunner/test_spoiler_full_run]   - [5:00:56 PM]     ISSUE: Access rule evaluation failed
BROWSER LOG (error): [17:00:57.206] [ERROR] [TestRunner/test_spoiler_full_run]   - [5:00:56 PM]     ISSUE: Access rule evaluation failed
BROWSER LOG (error): [17:00:57.206] [ERROR] [TestRunner/test_spoiler_full_run]   - [5:00:56 PM]     ISSUE: Access rule evaluation failed
BROWSER LOG (error): [17:00:57.206] [ERROR] [TestRunner/test_spoiler_full_run]   - [5:00:56 PM]     ISSUE: Access rule evaluation failed
BROWSER LOG (error): [17:00:57.206] [ERROR] [TestRunner/test_spoiler_full_run]   - [5:00:56 PM]     ISSUE: Access rule evaluation failed
BROWSER LOG (error): [17:00:57.207] [ERROR] [TestRunner/test_spoiler_full_run]   - [5:00:56 PM]     ISSUE: Access rule evaluation failed
BROWSER LOG (error): [17:00:57.207] [ERROR] [TestRunner/test_spoiler_full_run]   - [5:00:57 PM]     ISSUE: Access rule evaluation failed
BROWSER LOG (error): [17:00:57.207] [ERROR] [TestRunner/test_spoiler_full_run]   - [5:00:57 PM]     ISSUE: Access rule evaluation failed
BROWSER LOG (error): [17:00:57.207] [ERROR] [TestRunner/test_spoiler_full_run]   - [5:00:57 PM]     ISSUE: Access rule evaluation failed
BROWSER LOG (error): [17:00:57.207] [ERROR] [TestRunner/test_spoiler_full_run]   - [5:00:57 PM]     ISSUE: Access rule evaluation failed
BROWSER LOG (error): [17:00:57.207] [ERROR] [TestRunner/test_spoiler_full_run]   - [5:00:57 PM]     ISSUE: Access rule evaluation failed
BROWSER LOG (error): [17:00:57.207] [ERROR] [TestRunner/test_spoiler_full_run]   - [5:00:57 PM] Test failed at step 16: Comparison failed for event type 'state_update'.
BROWSER LOG (error): [17:00:57.207] [ERROR] [TestRunner/test_spoiler_full_run]   - [5:00:57 PM] Mismatch for event 16 (Sphere 2.1): Comparison for state_update at step 16 Failed
BROWSER LOG (error): [17:00:57.207] [ERROR] [TestRunner/test_spoiler_full_run]   - [5:00:57 PM] Spoiler test completed with 1 mismatch(es). See logs above for details.
PW DEBUG: __playwrightTestsComplete__ flag detected as true.
PW DEBUG: __playwrightTestResults__ retrieved from window object.
PW DEBUG: Full in-app test results: {
  "summary": {
    "totalRun": 1,
    "passedCount": 0,
    "failedCount": 1
  },
  "testDetails": [
    {
      "id": "test_spoiler_full_run",
      "name": "Test Spoilers Panel - Full Run",
      "status": "failed",
      "category": "Test Spoilers Panel",
      "startTime": "2025-11-19T17:00:54.585Z",
      "endTime": "2025-11-19T17:00:57.211Z",
      "durationMs": 2626,
      "conditions": [
        {
          "description": "Test started",
          "status": "passed",
          "timestamp": "2025-11-19T17:00:54.586Z"
        },
        {
          "description": "Test Spoilers panel found in DOM",
          "status": "passed",
          "timestamp": "2025-11-19T17:00:55.089Z"
        },
        {
          "description": "\"Load Suggested Log\" button found and enabled",
          "status": "passed",
          "timestamp": "2025-11-19T17:00:55.341Z"
        },
        {
          "description": "\"Run Full Test\" button appeared",
          "status": "passed",
          "timestamp": "2025-11-19T17:00:56.095Z"
        },
        {
          "description": "Full spoiler test completed",
          "status": "passed",
          "timestamp": "2025-11-19T17:00:57.200Z"
        },
        {
          "description": "Spoiler test passed all checks",
          "status": "failed",
          "timestamp": "2025-11-19T17:00:57.201Z"
        }
      ],
      "logs": [
        {
          "message": "[spoilers-full-run-1763571654586] Starting testSpoilersPanelFullRun...",
          "type": "info",
          "timestamp": "2025-11-19T17:00:54.586Z"
        },
        {
          "message": "Condition: \"Test started\" - PASSED",
          "type": "info",
          "timestamp": "2025-11-19T17:00:54.586Z"
        },
        {
          "message": "[spoilers-full-run-1763571654586] Activating testSpoilersPanel panel...",
          "type": "info",
          "timestamp": "2025-11-19T17:00:54.586Z"
        },
        {
          "message": "[test_spoiler_full_run] Polling for condition: \"Test Spoilers panel initialization\" (timeout: 10000ms, interval: 250ms)...",
          "type": "info",
          "timestamp": "2025-11-19T17:00:54.587Z"
        },
        {
          "message": "[test_spoiler_full_run] Condition met for: \"Test Spoilers panel initialization\".",
          "type": "info",
          "timestamp": "2025-11-19T17:00:54.838Z"
        },
        {
          "message": "[test_spoiler_full_run] Polling for condition: \"Test Spoilers panel DOM element\" (timeout: 5000ms, interval: 250ms)...",
          "type": "info",
          "timestamp": "2025-11-19T17:00:54.838Z"
        },
        {
          "message": "[test_spoiler_full_run] Condition met for: \"Test Spoilers panel DOM element\".",
          "type": "info",
          "timestamp": "2025-11-19T17:00:55.089Z"
        },
        {
          "message": "Condition: \"Test Spoilers panel found in DOM\" - PASSED",
          "type": "info",
          "timestamp": "2025-11-19T17:00:55.089Z"
        },
        {
          "message": "[test_spoiler_full_run] Polling for condition: \"\"Load Suggested Log\" button to be available\" (timeout: 10000ms, interval: 250ms)...",
          "type": "info",
          "timestamp": "2025-11-19T17:00:55.090Z"
        },
        {
          "message": "[test_spoiler_full_run] Condition met for: \"\"Load Suggested Log\" button to be available\".",
          "type": "info",
          "timestamp": "2025-11-19T17:00:55.341Z"
        },
        {
          "message": "Condition: \"\"Load Suggested Log\" button found and enabled\" - PASSED",
          "type": "info",
          "timestamp": "2025-11-19T17:00:55.341Z"
        },
        {
          "message": "[spoilers-full-run-1763571654586] Clicking \"Load Suggested Log\" button...",
          "type": "info",
          "timestamp": "2025-11-19T17:00:55.341Z"
        },
        {
          "message": "[test_spoiler_full_run] Polling for condition: \"Spoiler log loading completion\" (timeout: 15000ms, interval: 500ms)...",
          "type": "info",
          "timestamp": "2025-11-19T17:00:55.344Z"
        },
        {
          "message": "[test_spoiler_full_run] Condition met for: \"Spoiler log loading completion\".",
          "type": "info",
          "timestamp": "2025-11-19T17:00:55.844Z"
        },
        {
          "message": "[test_spoiler_full_run] Polling for condition: \"\"Run Full Test\" button to appear\" (timeout: 10000ms, interval: 250ms)...",
          "type": "info",
          "timestamp": "2025-11-19T17:00:55.844Z"
        },
        {
          "message": "[test_spoiler_full_run] Condition met for: \"\"Run Full Test\" button to appear\".",
          "type": "info",
          "timestamp": "2025-11-19T17:00:56.095Z"
        },
        {
          "message": "Condition: \"\"Run Full Test\" button appeared\" - PASSED",
          "type": "info",
          "timestamp": "2025-11-19T17:00:56.095Z"
        },
        {
          "message": "[spoilers-full-run-1763571654586] Clicking \"Run Full Test\" button...",
          "type": "info",
          "timestamp": "2025-11-19T17:00:56.095Z"
        },
        {
          "message": "[test_spoiler_full_run] Polling for condition: \"Full spoiler test to start processing\" (timeout: 5000ms, interval: 100ms)...",
          "type": "info",
          "timestamp": "2025-11-19T17:00:56.097Z"
        },
        {
          "message": "[test_spoiler_full_run] Condition met for: \"Full spoiler test to start processing\".",
          "type": "info",
          "timestamp": "2025-11-19T17:00:56.198Z"
        },
        {
          "message": "[spoilers-full-run-1763571654586] Waiting for full spoiler test to complete...",
          "type": "info",
          "timestamp": "2025-11-19T17:00:56.198Z"
        },
        {
          "message": "[test_spoiler_full_run] Polling for condition: \"Full spoiler test completion with detailed results\" (timeout: 300000ms, interval: 1000ms)...",
          "type": "info",
          "timestamp": "2025-11-19T17:00:56.198Z"
        },
        {
          "message": "[spoilers-full-run-1763571654586] Polling: buttonReady=true, hasDetailedResults=true, processedEvents=15/67",
          "type": "info",
          "timestamp": "2025-11-19T17:00:57.199Z"
        },
        {
          "message": "[spoilers-full-run-1763571654586] DEBUG detailedResults: {\"passed\":false,\"totalEvents\":67,\"processedEvents\":15,\"errorCount\":1,\"sphereCount\":16,\"testLogPath\":\"presets/factorio/AP_14089154938208861744/AP_14089154938208861744_spheres_log.jsonl\"}",
          "type": "info",
          "timestamp": "2025-11-19T17:00:57.200Z"
        },
        {
          "message": "[test_spoiler_full_run] Condition met for: \"Full spoiler test completion with detailed results\".",
          "type": "info",
          "timestamp": "2025-11-19T17:00:57.200Z"
        },
        {
          "message": "Condition: \"Full spoiler test completed\" - PASSED",
          "type": "info",
          "timestamp": "2025-11-19T17:00:57.200Z"
        },
        {
          "message": "Condition: \"Spoiler test passed all checks\" - FAILED",
          "type": "info",
          "timestamp": "2025-11-19T17:00:57.201Z"
        },
        {
          "message": "[spoilers-full-run-1763571654586] Spoiler test failed. Mismatches found in log:",
          "type": "error",
          "timestamp": "2025-11-19T17:00:57.201Z"
        },
        {
          "message": "  - Mismatch for event 16 (Sphere 2.1): Comparison for state_update at step 16 Failed",
          "type": "error",
          "timestamp": "2025-11-19T17:00:57.202Z"
        },
        {
          "message": "  - [5:00:56 PM] STATE MISMATCH found for: {\"type\":\"state_update\",\"sphere_number\":\"2.1\",\"player_id\":\"1\"}",
          "type": "error",
          "timestamp": "2025-11-19T17:00:57.202Z"
        },
        {
          "message": "  - [5:00:56 PM] > Locations accessible in LOG but NOT in STATE (or checked): AP-2-072, AP-2-179, AP-2-255, AP-2-269, AP-2-270, AP-2-272, AP-2-328, AP-2-338, AP-2-413, AP-2-416, AP-2-469, AP-2-473, AP-2-491, AP-2-502, AP-2-507, AP-2-514, AP-2-524, AP-2-569, AP-2-585, AP-2-634, AP-2-644, AP-2-650, AP-2-652, AP-2-654, AP-2-683, AP-2-688, AP-2-763, AP-2-784, AP-2-794, AP-2-861, AP-2-889, AP-2-898, AP-2-901, AP-2-996",
          "type": "error",
          "timestamp": "2025-11-19T17:00:57.202Z"
        },
        {
          "message": "  - [5:00:56 PM]     ISSUE: Access rule evaluation failed",
          "type": "error",
          "timestamp": "2025-11-19T17:00:57.203Z"
        },
        {
          "message": "  - [5:00:56 PM]     ISSUE: Access rule evaluation failed",
          "type": "error",
          "timestamp": "2025-11-19T17:00:57.203Z"
        },
        {
          "message": "  - [5:00:56 PM]     ISSUE: Access rule evaluation failed",
          "type": "error",
          "timestamp": "2025-11-19T17:00:57.203Z"
        },
        {
          "message": "  - [5:00:56 PM]     ISSUE: Access rule evaluation failed",
          "type": "error",
          "timestamp": "2025-11-19T17:00:57.203Z"
        },
        {
          "message": "  - [5:00:56 PM]     ISSUE: Access rule evaluation failed",
          "type": "error",
          "timestamp": "2025-11-19T17:00:57.203Z"
        },
        {
          "message": "  - [5:00:56 PM]     ISSUE: Access rule evaluation failed",
          "type": "error",
          "timestamp": "2025-11-19T17:00:57.203Z"
        },
        {
          "message": "  - [5:00:56 PM]     ISSUE: Access rule evaluation failed",
          "type": "error",
          "timestamp": "2025-11-19T17:00:57.203Z"
        },
        {
          "message": "  - [5:00:56 PM]     ISSUE: Access rule evaluation failed",
          "type": "error",
          "timestamp": "2025-11-19T17:00:57.203Z"
        },
        {
          "message": "  - [5:00:56 PM]     ISSUE: Access rule evaluation failed",
          "type": "error",
          "timestamp": "2025-11-19T17:00:57.204Z"
        },
        {
          "message": "  - [5:00:56 PM]     ISSUE: Access rule evaluation failed",
          "type": "error",
          "timestamp": "2025-11-19T17:00:57.204Z"
        },
        {
          "message": "  - [5:00:56 PM]     ISSUE: Access rule evaluation failed",
          "type": "error",
          "timestamp": "2025-11-19T17:00:57.204Z"
        },
        {
          "message": "  - [5:00:56 PM]     ISSUE: Access rule evaluation failed",
          "type": "error",
          "timestamp": "2025-11-19T17:00:57.204Z"
        },
        {
          "message": "  - [5:00:56 PM]     ISSUE: Access rule evaluation failed",
          "type": "error",
          "timestamp": "2025-11-19T17:00:57.204Z"
        },
        {
          "message": "  - [5:00:56 PM]     ISSUE: Access rule evaluation failed",
          "type": "error",
          "timestamp": "2025-11-19T17:00:57.204Z"
        },
        {
          "message": "  - [5:00:56 PM]     ISSUE: Access rule evaluation failed",
          "type": "error",
          "timestamp": "2025-11-19T17:00:57.204Z"
        },
        {
          "message": "  - [5:00:56 PM]     ISSUE: Access rule evaluation failed",
          "type": "error",
          "timestamp": "2025-11-19T17:00:57.205Z"
        },
        {
          "message": "  - [5:00:56 PM]     ISSUE: Access rule evaluation failed",
          "type": "error",
          "timestamp": "2025-11-19T17:00:57.205Z"
        },
        {
          "message": "  - [5:00:56 PM]     ISSUE: Access rule evaluation failed",
          "type": "error",
          "timestamp": "2025-11-19T17:00:57.205Z"
        },
        {
          "message": "  - [5:00:56 PM]     ISSUE: Access rule evaluation failed",
          "type": "error",
          "timestamp": "2025-11-19T17:00:57.205Z"
        },
        {
          "message": "  - [5:00:56 PM]     ISSUE: Access rule evaluation failed",
          "type": "error",
          "timestamp": "2025-11-19T17:00:57.205Z"
        },
        {
          "message": "  - [5:00:56 PM]     ISSUE: Access rule evaluation failed",
          "type": "error",
          "timestamp": "2025-11-19T17:00:57.206Z"
        },
        {
          "message": "  - [5:00:56 PM]     ISSUE: Access rule evaluation failed",
          "type": "error",
          "timestamp": "2025-11-19T17:00:57.206Z"
        },
        {
          "message": "  - [5:00:56 PM]     ISSUE: Access rule evaluation failed",
          "type": "error",
          "timestamp": "2025-11-19T17:00:57.206Z"
        },
        {
          "message": "  - [5:00:56 PM]     ISSUE: Access rule evaluation failed",
          "type": "error",
          "timestamp": "2025-11-19T17:00:57.206Z"
        },
        {
          "message": "  - [5:00:56 PM]     ISSUE: Access rule evaluation failed",
          "type": "error",
          "timestamp": "2025-11-19T17:00:57.206Z"
        },
        {
          "message": "  - [5:00:56 PM]     ISSUE: Access rule evaluation failed",
          "type": "error",
          "timestamp": "2025-11-19T17:00:57.206Z"
        },
        {
          "message": "  - [5:00:56 PM]     ISSUE: Access rule evaluation failed",
          "type": "error",
          "timestamp": "2025-11-19T17:00:57.206Z"
        },
        {
          "message": "  - [5:00:56 PM]     ISSUE: Access rule evaluation failed",
          "type": "error",
          "timestamp": "2025-11-19T17:00:57.206Z"
        },
        {
          "message": "  - [5:00:56 PM]     ISSUE: Access rule evaluation failed",
          "type": "error",
          "timestamp": "2025-11-19T17:00:57.207Z"
        },
        {
          "message": "  - [5:00:57 PM]     ISSUE: Access rule evaluation failed",
          "type": "error",
          "timestamp": "2025-11-19T17:00:57.207Z"
        },
        {
          "message": "  - [5:00:57 PM]     ISSUE: Access rule evaluation failed",
          "type": "error",
          "timestamp": "2025-11-19T17:00:57.207Z"
        },
        {
          "message": "  - [5:00:57 PM]     ISSUE: Access rule evaluation failed",
          "type": "error",
          "timestamp": "2025-11-19T17:00:57.207Z"
        },
        {
          "message": "  - [5:00:57 PM]     ISSUE: Access rule evaluation failed",
          "type": "error",
          "timestamp": "2025-11-19T17:00:57.207Z"
        },
        {
          "message": "  - [5:00:57 PM]     ISSUE: Access rule evaluation failed",
          "type": "error",
          "timestamp": "2025-11-19T17:00:57.207Z"
        },
        {
          "message": "  - [5:00:57 PM] Test failed at step 16: Comparison failed for event type 'state_update'.",
          "type": "error",
          "timestamp": "2025-11-19T17:00:57.207Z"
        },
        {
          "message": "  - [5:00:57 PM] Mismatch for event 16 (Sphere 2.1): Comparison for state_update at step 16 Failed",
          "type": "error",
          "timestamp": "2025-11-19T17:00:57.207Z"
        },
        {
          "message": "  - [5:00:57 PM] Spoiler test completed with 1 mismatch(es). See logs above for details.",
          "type": "error",
          "timestamp": "2025-11-19T17:00:57.207Z"
        },
        {
          "message": "[spoilers-full-run-1763571654586] Spoiler test results stored in window.__spoilerTestResults__",
          "type": "info",
          "timestamp": "2025-11-19T17:00:57.207Z"
        },
        {
          "message": "[spoilers-full-run-1763571654586] Spoiler test results stored in localStorage",
          "type": "info",
          "timestamp": "2025-11-19T17:00:57.211Z"
        },
        {
          "message": "[spoilers-full-run-1763571654586] testSpoilersPanelFullRun finished. Overall Result: false.",
          "type": "info",
          "timestamp": "2025-11-19T17:00:57.211Z"
        },
        {
          "message": "Test completion signal: FAILED",
          "type": "info",
          "timestamp": "2025-11-19T17:00:57.211Z"
        },
        {
          "message": "No active event listeners to clean up",
          "type": "debug",
          "timestamp": "2025-11-19T17:00:57.211Z"
        },
        {
          "message": "No active event listeners to clean up",
          "type": "debug",
          "timestamp": "2025-11-19T17:00:57.211Z"
        },
        {
          "message": "No active event listeners to clean up",
          "type": "debug",
          "timestamp": "2025-11-19T17:00:57.211Z"
        }
      ]
    }
  ],
  "completedAt": "2025-11-19T17:00:57.312Z"
}
PW DEBUG: Test results saved to: /home/user/Archipelago-CC/test-results/in-app-tests/test-results-2025-11-19T17-00-57.json
  ✘  1 tests/e2e/app.spec.js:35:3 › Application End-to-End Tests › run in-app tests and check results (4.4s)


  1) tests/e2e/app.spec.js:35:3 › Application End-to-End Tests › run in-app tests and check results 

    Error: [2mexpect([22m[31mreceived[39m[2m).[22mtoBe[2m([22m[32mexpected[39m[2m) // Object.is equality[22m

    Expected: [32m0[39m
    Received: [31m1[39m

      141 |
      142 |     // The test system should complete successfully regardless of whether tests run
    > 143 |     expect(results.summary.failedCount).toBe(0);
          |                                         ^
      144 |     
      145 |     // If tests actually ran, they should pass
      146 |     if (results.summary.totalRun > 0) {
        at /home/user/Archipelago-CC/tests/e2e/app.spec.js:143:41

    Error Context: test-results/app-Application-End-to-End-a086e-app-tests-and-check-results/error-context.md

  1 failed
    tests/e2e/app.spec.js:35:3 › Application End-to-End Tests › run in-app tests and check results ─
