# box lock: TAKEN by check-seedling-bot-differential.mjs (browser, pid 5423) — head 7ff12f4de, 1 tracked change(s) frozen (untracked paths excluded: a measuring run writes logs)
CHANNEL: headless logic-only — __swfGpu = {"lost":1,"stalls":0} (device lost at the first present, as asked; no pixels, no texFail, no stalls)
PASS: bot control surface registered — botLoadTape/botStart/botStatus/botDrain/botReset
PASS: bot reports a live player before any tape — x=88 y=136 level=0
BUILD: seedling_bot_ap_p4f (the DEFAULT) — payload seedling_bot_ap_p4f.wasm — http://localhost:9300/frontend/modules/flashPanel/wasm/seedling_bot_ap_p4f/game.html
PASS: fixture roster is non-empty — 211 tapes
PASS: every DROWN_EXPECTED declaration names a real fixture — 1 declaration(s): r5-swim-drown
PASS: every --only name is a real fixture — 1 selected
PASS: the tier assignment still names real fixtures — 3 legacy, 208 gate; the three DERIVED categories PARTITION the roster — 39 campaign, 21 map-walk, 151 mechanic
PASS: the playthrough chains still name real fixtures — 15 chain(s) (2 custody, 13 staged), 47 segment(s), 32 seam(s)
PASS: robust-l16-sword-late1: the seam latch fired and carries the whole signature — 47 field(s) latched at tick 207 (46 signature rows)
PASS: robust-l16-sword-late1: botStatus's seam marker agrees with botSeam's block — marker {latched: true, partial: false} vs block {latched: true, partial: false}
PASS: robust-l16-sword-late1: botStatus carries the R0 readout — 14 item properties, cutscene=[false,false,false,false], menu=false
PASS: robust-l16-sword-late1: dialogue auto-advance is exactly what the route earns — saw_auto_advance=0, and the Help model earns 0
PASS: robust-l16-sword-late1: the dead frames are accounted for — 40 dead = 0 modelled (0 run freeze + 0 seal + 0 pickup + 0 spawned + 0 declared) + 40 residue, against 2 load(s) at 19.2632/load −9.0 (floor min 9) +6.4 (4.5·√2) = [29.5,44.9]
PASS: robust-l16-sword-late1: the game fired the grants the tape asked for, at the same ticks — game: [], expected: []
PASS: robust-l16-sword-late1: all 14 item properties match, positives and negatives — hitsMax=3, 1 flag(s) true
PASS: robust-l16-sword-late1: Main.primary matches the mirror — game: 0, expected: 0
PASS: robust-l16-sword-late1: the inventory slot ARRAY matches the mirror — game: [0], expected: [0] (ids: 0 sword, 1 fire, 2 wand, 3 spear, 4 ghostsword, 5 firewand)
PASS: robust-l16-sword-late1: the selected slot holds an item — primary=0 against 1 slot(s)
PASS: robust-l16-sword-late1: the game never started drowning — drownTimer 0 — in the game's own accounting this walk never stood on water without canSwim or lava without hasDarkSuit
PASS: robust-l16-sword-late1: the win statics are still false — menu=false, cutscene=[false,false,false,false]
PASS: robust-l16-sword-late1: the seam latch carries the frozen terminal counters — hits 0, hits_timer 0, latched at tick 207
PASS: robust-l16-sword-late1: the game's own `hits` matches the damage model — game (frozen at the last observation): 0, model: 0; polled 0 (no post-tape drift)
PASS: robust-l16-sword-late1: the game's own `hits_timer` matches the damage model — game (frozen at the last observation): 0, model: 0; polled 0 (no post-tape drift)
PASS: robust-l16-sword-late1: the game's own `hasKey` array matches the model — game: [false,false,false,false,false], model: [false,false,false,false,false]
PASS: robust-l16-sword-late1: the game's own `hasTotemPart` array matches the model — game: [false,false,false,false,false], model: [false,false,false,false,false]
PASS: robust-l16-sword-late1: the game's own `hasSealPart` array has the shape the run earns — game: [-1,-1,-1,-1,-1,-1,-1,-1,-1,-1,-1,-1,-1,-1,-1,-1] — 0 filled against 0 booted + 0 chest(s) opened (identities are RNG at chest OPEN and are not predicted)
PASS: robust-l16-sword-late1: the game saw every edge the tape dispatched — right x6, down x10, primary x3, left x6, up x8 — all seen
PASS: robust-l16-sword-late1: observation count — 208 (expected tick_count+1 = 208), 1 transition(s) derived, 40 fade frames skipped, 11s
RECORDED: robust-l16-sword-late1.json (208 observations)
PASS: robust-l16-sword-late1: ⛓⛓ THE MODEL REPRODUCES THE RECORDING IT JUST MADE — 208 observations, 1 transition(s) — the recording is an ORACLE and the model already agrees with it
ROSTER-WIDE: the cross-tape acceptance findings over 1 replayed tape(s)
SKIP: R2 headline walk: SKIPPED — this sweep did not replay r2-walk-full — run --tier=full (or --only) to assert the eight-item claim
SKIP: R2 chain: SKIPPED — the chain needs all six segments — this sweep replayed 0 of 6 — run --tier=full to assert the partition
SKIP: R3 headline walk: SKIPPED — this sweep did not replay r3-walk-full — run --tier=full (or --only) to assert the six-item claim and the crutch ledger
SKIP: R3 chain: SKIPPED — the chain needs all six segments — this sweep replayed 0 of 6 — run --tier=full to assert the partition
SKIP: R4 headline walk: SKIPPED — this sweep did not replay r4-walk-full — run --tier=full (or --only) to assert the five-item claim, the positive hitsMax and the two earned clears
SKIP: R4 chain: SKIPPED — the chain needs all 6 segments — this sweep replayed 0 of 6 — run --tier=full to assert the partition
SKIP: R5 L60 kill pair: SKIPPED — this sweep did not replay both arms — have neither — a pair asserted from one arm is not a pair
SKIP: R5 key leg: SKIPPED — this sweep did not replay both arms — have neither — an opened-blocker claim without its shut-before control is a walk that stopped for some unexamined reason
SKIP: R5 BobBoss: SKIPPED — this sweep did not replay both arms — have neither — "the walk ended holding fire" is not evidence that the sword did anything
SKIP: R5 Karlore: SKIPPED — this sweep did not replay both arms — have neither — "the fire arm walked north" is not evidence that anything was ever in the way
SKIP: R5 D5 walk: SKIPPED — this sweep did not replay it — run --only=r5-d5-conch (or --tier=full) to assert the conch
SKIP: R5 swim pair: SKIPPED — this sweep did not replay both arms — have neither — "the swimmer crossed water" is not evidence that the water was armed
SKIP: R5 swim latch: SKIPPED — this sweep did not replay it — run --only=r5-swim-latch to assert the swim term
SKIP: R5 waterfall pair: SKIPPED — this sweep did not replay both arms — have neither — "the feather-holder climbed" is not evidence that anything was pushing down
SKIP: R5 feather: SKIPPED — this sweep did not replay it — run --only=r5-feather (or --tier=full) to assert the feather
SKIP: R5 totem entrance: SKIPPED — this sweep did not replay both arms — have neither — "the walk reached L39" is not evidence that anything was ever in the way
SKIP: R5 press pair: SKIPPED — this sweep did not replay both arms — have neither — "the walk stood in (12,5)" is not evidence that a press put it there
SKIP: R5 shaft pair: SKIPPED — this sweep did not replay both arms — have neither — "the walk reached the middle of the cross" is not evidence that eighteen presses put it there. Re-make both with `node scripts/procgen/plan-seedling-r5-shaft.mjs --write` and `check-seedling-bot-differential --record --win --only=r5-shaft,r5-shaft-control`.
SKIP: R5 L40 part 1: SKIPPED — this sweep did not replay it — run --only=r5-l40-part1 (or --tier=full) to assert the second of the five ceremonies
SKIP: R5 L41 part 3 pair: SKIPPED — this sweep did not replay both arms — have neither — "the walk collected a totem part" is not evidence that a crusher was ever in the way, and this room's whole claim is that the obstacle is the machine
SKIP: R5 L42 part 4 pair: SKIPPED — this sweep did not replay both arms — have neither — "the walk collected a totem part and left the room" is not evidence that two crushers were ever across the corridor, and in a pursuit room that is the whole claim
SKIP: R5 L43 wand pair: SKIPPED — this sweep did not replay both arms — have neither — "the walk took the wand" is not evidence that a boot field decided whether it could, and that is the whole claim of this pair
SKIP: chain toy-west-pair: SKIPPED — this sweep did not replay r7-ends-meet-1, r7-ends-meet-2, r7-ends-meet-full — the chain needs all 2 segment(s) and its headline; run --tier=full or --only with every name
SKIP: chain r8-battery-1: SKIPPED — this sweep did not replay r8-solve-1, r8-solve-1 — the chain needs all 1 segment(s) and its headline; run --tier=full or --only with every name
SKIP: chain r8-battery-2: SKIPPED — this sweep did not replay r8-solve-2, r8-solve-2 — the chain needs all 1 segment(s) and its headline; run --tier=full or --only with every name
SKIP: chain r8-battery-3: SKIPPED — this sweep did not replay r8-solve-3, r8-solve-3 — the chain needs all 1 segment(s) and its headline; run --tier=full or --only with every name
SKIP: chain r8-battery-4: SKIPPED — this sweep did not replay r8-solve-4, r8-solve-4 — the chain needs all 1 segment(s) and its headline; run --tier=full or --only with every name
SKIP: chain r8-battery-5: SKIPPED — this sweep did not replay r8-solve-5, r8-solve-5 — the chain needs all 1 segment(s) and its headline; run --tier=full or --only with every name
SKIP: chain r8-battery-6: SKIPPED — this sweep did not replay r8-solve-6, r8-solve-6 — the chain needs all 1 segment(s) and its headline; run --tier=full or --only with every name
SKIP: chain r8-battery-8: SKIPPED — this sweep did not replay r8-solve-8, r8-solve-8 — the chain needs all 1 segment(s) and its headline; run --tier=full or --only with every name
SKIP: chain r8-battery-7: SKIPPED — this sweep did not replay r8-solve-7, r8-solve-7 — the chain needs all 1 segment(s) and its headline; run --tier=full or --only with every name
SKIP: chain r8-battery-9: SKIPPED — this sweep did not replay r8-solve-9, r8-solve-9 — the chain needs all 1 segment(s) and its headline; run --tier=full or --only with every name
SKIP: chain r8-battery-10: SKIPPED — this sweep did not replay r8-solve-10, r8-solve-10 — the chain needs all 1 segment(s) and its headline; run --tier=full or --only with every name
SKIP: chain r8-battery-11: SKIPPED — this sweep did not replay r8-solve-11, r8-solve-11 — the chain needs all 1 segment(s) and its headline; run --tier=full or --only with every name
SKIP: chain r8-d2-shield: SKIPPED — this sweep did not replay r8-solve-20, r8-solve-20 — the chain needs all 1 segment(s) and its headline; run --tier=full or --only with every name
SKIP: chain r8-d2: SKIPPED — this sweep did not replay r8-solve-18, r8-d2-19, r8-d2-20, r8-d2 — the chain needs all 3 segment(s) and its headline; run --tier=full or --only with every name
SKIP: chain r9-campaign: SKIPPED — this sweep did not replay r8-solve-1, r8-solve-2, r8-solve-3, r8-solve-4, r8-solve-5, r8-solve-6, r8-solve-7, r8-solve-8, r8-solve-9, r8-solve-10, r9-solve-11, r9-solve-3, r9-solve-2, r9-solve-0, r9-solve-13, r9-solve-14, r9-solve-15, r9-solve-16, r9-solve-18, r9-solve-19, r9-solve-20, r9-solve-13-v2, r9-solve-0-v3, r9-solve-12, r9-solve-21, r9-solve-22, r9-solve-29, r9-solve-31, r9-solve-30, r9-solve-32 — the chain needs all 30 segment(s) and its headline; run --tier=full or --only with every name

ALL CHECKS PASSED (recording mode)
